error: `min` must be lower than or equal to `max`
 --> tests/ui/compile-fail/length_bad_min.rs:3:20
  |
3 |     #[garde(length(min = 100, max = 10))]
  |                    ^^^
