---
source: garde/tests/./rules/contains.rs
expression: snapshot
---
Test {
    field: "_____",
    field_path: "_____",
    field_call: "_____",
    inner: [
        "_____",
    ],
}
field: does not contain "test"
field_call: does not contain "test"
field_path: does not contain "test"
inner[0]: does not contain "test"


