---
source: garde/tests/./rules/alphanumeric.rs
expression: snapshot
---
Test {
    field: "!!!!",
    inner: [
        "!!!!",
    ],
}
value.field: not alphanumeric


