---
source: garde/tests/./rules/ascii.rs
expression: snapshot
---
Test {
    field: "ğŸ˜‚",
    inner: [
        "ğŸ˜‚",
    ],
}
field: not ascii
inner[0]: not ascii


