---
source: garde/tests/./rules/url.rs
expression: snapshot
---
Struct {
    field: "asdf",
    inner: [
        "asdf",
    ],
}
field: not a valid url: relative URL without a base
inner[0]: not a valid url: relative URL without a base


