---
source: garde/tests/./rules/allow_unvalidated.rs
expression: snapshot
---
Test {
    field: "ðŸ˜‚",
    unvalidated: "",
}
field: not ascii


