---
source: garde/tests/./rules/inner.rs
expression: snapshot
---
Inner {
    inner: [
        [
            "!!!!",
        ],
    ],
}
inner[0][0]: not alphanumeric


