---
source: garde/tests/./rules/byte_length.rs
expression: snapshot
---
Exact {
    field: "",
    inner: [
        "",
    ],
}
value.field: byte length is lower than 4
value.inner[0]: byte length is lower than 4

Exact {
    field: "a",
    inner: [
        "a",
    ],
}
value.field: byte length is lower than 4
value.inner[0]: byte length is lower than 4

Exact {
    field: "ðŸ˜‚ðŸ˜‚",
    inner: [
        "ðŸ˜‚ðŸ˜‚",
    ],
}
value.field: byte length is greater than 4
value.inner[0]: byte length is greater than 4


