---
source: garde/tests/./rules/dive_with_rules.rs
expression: snapshot
---
Test {
    field: [],
}
field: length is lower than 1

Test {
    field: [
        Inner {
            field: "",
        },
    ],
}
field[0].field: length is lower than 1


