---
source: garde/tests/./rules/adapt.rs
expression: snapshot
---
Test {
    v: "",
}
v: my custom error message


