---
source: garde/tests/./rules/custom.rs
expression: snapshot
---
Multi {
    field: "asdf",
    inner: [
        "asdf",
    ],
}
value.field: not equal to test
value.field: not equal to test
value.inner[0]: not equal to test
value.inner[0]: not equal to test


