---
source: garde/tests/./rules/multi_rule.rs
expression: snapshot
---
Test {
    field: "text which does not begin with `test`",
    inner: [
        "text which does not begin with `test`",
    ],
}
value.field: value does not begin with "test"
value.inner[0]: value does not begin with "test"

Test {
    field: "non-ascii ðŸ˜‚ðŸ˜‚ðŸ˜‚",
    inner: [
        "non-ascii ðŸ˜‚ðŸ˜‚ðŸ˜‚",
    ],
}
value.field: not ascii
value.field: value does not begin with "test"
value.inner[0]: not ascii
value.inner[0]: value does not begin with "test"

Test {
    field: "aaaaaaaaa",
    inner: [
        "aaaaaaaaa",
    ],
}
value.field: length is lower than 10
value.field: value does not begin with "test"
value.inner[0]: length is lower than 10
value.inner[0]: value does not begin with "test"

Test {
    field: "aaaaaaaaaaaaaaaaaaaaaaaaaaaaaaaaaaaaaaaaaaaaaaaaaaaaaaaaaaaaaaaaaaaaaaaaaaaaaaaaaaaaaaaaaaaaaaaaaaaaa",
    inner: [
        "aaaaaaaaaaaaaaaaaaaaaaaaaaaaaaaaaaaaaaaaaaaaaaaaaaaaaaaaaaaaaaaaaaaaaaaaaaaaaaaaaaaaaaaaaaaaaaaaaaaaa",
    ],
}
value.field: length is greater than 100
value.field: value does not begin with "test"
value.inner[0]: length is greater than 100
value.inner[0]: value does not begin with "test"


