---
source: garde/tests/./rules/newtype.rs
expression: snapshot
---
NonEmptyStr_Struct {
    v: "",
}
length is lower than 1


