---
source: garde/tests/./rules/email.rs
expression: snapshot
---
Test {
    field: "invalid.com",
    inner: [
        "invalid.com",
    ],
}
field: not a valid email: value is missing `@`
inner[0]: not a valid email: value is missing `@`


